// Jest Snapshot v1, https://goo.gl/fbAQLP

exports[`should match button snapshot 1`] = `
Array [
  <button
    className="filter-button "
    data-testid="yearFilter"
    onClick={[Function]}
  >
    2006
  </button>,
  <button
    className="filter-button "
    data-testid="yearFilter"
    onClick={[Function]}
  >
    2007
  </button>,
  <button
    className="filter-button "
    data-testid="yearFilter"
    onClick={[Function]}
  >
    2008
  </button>,
  <button
    className="filter-button "
    data-testid="yearFilter"
    onClick={[Function]}
  >
    2009
  </button>,
  <button
    className="filter-button "
    data-testid="yearFilter"
    onClick={[Function]}
  >
    2010
  </button>,
  <button
    className="filter-button "
    data-testid="yearFilter"
    onClick={[Function]}
  >
    2011
  </button>,
  <button
    className="filter-button "
    data-testid="yearFilter"
    onClick={[Function]}
  >
    2012
  </button>,
  <button
    className="filter-button "
    data-testid="yearFilter"
    onClick={[Function]}
  >
    2013
  </button>,
  <button
    className="filter-button "
    data-testid="yearFilter"
    onClick={[Function]}
  >
    2014
  </button>,
  <button
    className="filter-button "
    data-testid="yearFilter"
    onClick={[Function]}
  >
    2015
  </button>,
  <button
    className="filter-button "
    data-testid="yearFilter"
    onClick={[Function]}
  >
    2016
  </button>,
  <button
    className="filter-button "
    data-testid="yearFilter"
    onClick={[Function]}
  >
    2017
  </button>,
  <button
    className="filter-button "
    data-testid="yearFilter"
    onClick={[Function]}
  >
    2018
  </button>,
  <button
    className="filter-button "
    data-testid="yearFilter"
    onClick={[Function]}
  >
    2019
  </button>,
  <button
    className="filter-button "
    data-testid="yearFilter"
    onClick={[Function]}
  >
    2020
  </button>,
]
`;
